❯ sudo nixos-rebuild switch
building the system configuration...
these 91 derivations will be built:
  /nix/store/02fp59lv3qkxwx0a2fm7q45kn4rwm182-apiserverKubeletClient.json.drv
  /nix/store/07n9684j73i1rdkqzsxx5k56zmcqcama-apiServer.json.drv
  /nix/store/08v3d5nh40bbvkyjrfsp0krfz1z1g9r2-nixos.conf.drv
  /nix/store/16j2frm1yikcfscpyy5hqb26sfbchag5-net-conf.json.drv
  /nix/store/dg85qzpqkv3zijvyynr490ki2kaqg50m-10-etcd.conf.drv
  /nix/store/imq2d60s4139m024iclhnhfajd016jr9-nixos-tmpfiles.d.drv
  /nix/store/1cabyjk21340a4h6ffcm4bq6q6i5w6y8-tmpfiles.d.drv
  /nix/store/3j7lhjmgd46swjrsnpzhv0hx4vfx25k7-unit-kubernetes.target.drv
  /nix/store/2vf3dwjlji4vymhsfgrrs5qsmaskdr10-etcd.json.drv
  /nix/store/393x7pj1c32mmax14vklyghzrb71ap64-clusterAdmin.json.drv
  /nix/store/bjfsgnai7pda9kjl6n24zywnd6n6bmbi-kubelet.json.drv
  /nix/store/cwraa1ll1m4y1b0nkwscsyxsxi1r03bc-controllerManager.json.drv
  /nix/store/jdjni23hvxdfx8mcnj26pc99p7zyj2pl-schedulerClient.json.drv
  /nix/store/kbac7l5wwmcznqwzh3385w8idqpcys24-serviceAccount.json.drv
  /nix/store/n0l3cmr3bj08gwdmghy4vj22k5xp55zf-kubeletClient.json.drv
  /nix/store/n0mj6i43kz88g18ihl419ifflrjv7nrq-flannelClient.json.drv
  /nix/store/njc7gvq4ci54c16a3h86l9cxnyh9k4zi-addonManager.json.drv
  /nix/store/phsaawhicvw0ys3m9gj7ybhzqi28vcw7-controllerManagerClient.json.drv
  /nix/store/pjshn655zmlr9p4w45kyqkwwhxkcvnif-kubeProxyClient.json.drv
  /nix/store/slkq3irih7bdirdhxpy74vich52k530g-apiserverProxyClient.json.drv
  /nix/store/w112jj8fx5nan0mhm9qx9brd4zzbc29i-apiserverEtcdClient.json.drv
  /nix/store/asc7biiicr4dfzm2g4h8vgfwsvya6wkr-certmgr.d.drv
  /nix/store/rdnpr4303nad17xa4vxh82qh05v262xc-certmgr.yaml.drv
  /nix/store/qr64zy8ba5hc5cwn0mssgwis5ds2q1hf-unit-script-certmgr-pre-start.drv
  /nix/store/3nbrx0lxhq6km9a63rasvis58j3172bh-unit-certmgr.service.drv
  /nix/store/j8w47297pwfaf0vlxhw54q2cnxc3lq94-nixos-kubernetes-node-join.drv
  /nix/store/nac8napgrqbvdw48hcgj39gq0kzni470-etcd-3.6.14.drv
  /nix/store/6g6aqripfqsh6z3xm2l0y3y9mj2pvpl7-system-path.drv
  /nix/store/4xswsm0izbjrsn7ii54z99psggd4q0hs-unit-accounts-daemon.service.drv
  /nix/store/nvpgzbdrhr205p78qndsr2nqflhvzgzw-kube-scheduler-kubeconfig.drv
  /nix/store/c9lmlan4ynb3a0m5z13qcs3n06flbqva-unit-kube-scheduler.service.drv
  /nix/store/8plqd9q1s0z75ai5b4v67rpdyl0jkba8-flannel-kubeconfig.drv
  /nix/store/ccp6ys5nppjdd975fw0j4f0l8dxk1yd5-unit-flannel.service.drv
  /nix/store/ypw1nkiv81b1l6gih70j1028gkyjyb4y-kube-controller-manager-kubeconfig.drv
  /nix/store/ckzrbqxni0dlmiir4jfwv7s68j35i632-unit-kube-controller-manager.service.drv
  /nix/store/s8r5w7q5jnhvs39617jks0jdgz8pzf6r-dbus-1.drv
  /nix/store/zba3wjf6aj5yxkjknff08f7qfjplyfh8-X-Restart-Triggers-dbus-broker.drv
  /nix/store/f64i8s1n728zlzh0lwcc462y6wqd1ffr-unit-dbus-broker.service.drv
  /nix/store/h6wnnn8vlqyk603zc9n98h600xc0902l-unit-etcd.service.drv
  /nix/store/9szx3bcz2gn1ch0xhknjp56r61039rin-kubelet-kubeconfig.drv
  /nix/store/cznwd6wbn60vmja59hbapyg5k96ijwl6-kubelet-config.drv
  /nix/store/ynm26d03as65am37zgdrqp0098bmxqq1-unit-script-kubelet-pre-start.drv
  /nix/store/hzxykv4iikx5xvwpashg1vwyci9dqsjx-unit-kubelet.service.drv
  /nix/store/ih0j1ihyy8qa48cpky380ikszx96rj44-unit-kube-apiserver.service.drv
  /nix/store/7bwc23zknp5iqcwka8xsy2mgh5f4x3na-coredns-cr.json.drv
  /nix/store/7riwpnzl42bzl34fymp4krjifrsbz6xs-flannel-crb.json.drv
  /nix/store/bfag1wsz834a8cl9hv5wgis78fsypwkh-coredns-crb.json.drv
  /nix/store/bg88404zs94c5a3rcvv9llcj2dxwsby8-kube-addon-manager-cluster-lister-cr.json.drv
  /nix/store/g5ljq70348k3akgzxlji40bx9002yq8l-flannel-cr.json.drv
  /nix/store/l9smqwcqp6z58b2ffv293wp07krk0z8d-cluster-admin-kubeconfig.drv
  /nix/store/q3s51x9l83c0jsri4l269sm2rmh5r941-kube-addon-manager-rb.json.drv
  /nix/store/rrsi0hhlz0ssxh5jv9rk1hidhdl923jp-apiserver-kubelet-api-admin-crb.json.drv
  /nix/store/vz0ng44mfzsqfajnkvjyic2ymli9fv17-kube-addon-manager-cluster-lister-crb.json.drv
  /nix/store/xhsw967l9azrfa1aj6lsjmfhz327gcn6-kube-addon-manager-r.json.drv
  /nix/store/jcny85yki9m2fw6s6k5yxr7dr4lhbs5d-unit-script-kube-addon-manager-pre-start.drv
  /nix/store/vgxyqzi6bhjn0v0xfbx7apv3valyvn5k-addon-manager-kubeconfig.drv
  /nix/store/knnjvzc9wa0pin1rz9w92d5nwk2q4lqv-unit-kube-addon-manager.service.drv
  /nix/store/7plcr5hiyw2s5995lnfq9nyc0ha4nzzh-X-Restart-Triggers-polkit.drv
  /nix/store/kv7r1qaf7zl21whl38frxv15rcc8jnim-unit-polkit.service.drv
  /nix/store/51rcvqfr8kh77bhb2ka2zl4c9sksfsj9-X-Restart-Triggers-systemd-tmpfiles-resetup.drv
  /nix/store/mkpd54ki75cjr8asxwhsak2812hy7ai0-unit-systemd-tmpfiles-resetup.service.drv
  /nix/store/9fz14n87dvjqfjwvfyak8ngjdcfhd1qr-X-Restart-Triggers-systemd-modules-load.drv
  /nix/store/p3cm94c1l902dhy6wz1ycvasaf8aj2f3-unit-systemd-modules-load.service.drv
  /nix/store/gaq49flhvrrijfasvdi025l7ak84b8z3-firewall-start.drv
  /nix/store/k759inm91z9r4q8ga0ync266js3719ml-firewall-reload.drv
  /nix/store/rkkxv71ymm2117i3dxqzcc9byr0g3wmq-unit-firewall.service.drv
  /nix/store/szysfgnpb87h146k2g7rlw1y70piafsk-etc-sysctl.d-60-nixos.conf.drv
  /nix/store/3qx1xa3i3dy00pv5ins4para31qk4ghp-X-Restart-Triggers-systemd-sysctl.drv
  /nix/store/rp1j5r0i98mvb5bl2a0ks474ig678km7-unit-systemd-sysctl.service.drv
  /nix/store/njirv2idxgbwgj0qwx0vxhwa851wqv92-cfssl-config.json.drv
  /nix/store/hb1mk01hawqzihynqgxdbji5d8xny2yz-kube-pki-cfssl-csr.json.drv
  /nix/store/r4zhaq73jb5sngy36gvf4x11lk50knx3-kube-pki-cacert-csr.json.drv
  /nix/store/nppjpq0k4mfql32j9gppm9n2ygf33d1j-unit-script-cfssl-pre-start.drv
  /nix/store/rqq7b2cxvjb4kjrgipgbj88bywmqwzq6-unit-cfssl.service.drv
  /nix/store/vryhgb339klpfxnnngln0xmaflki180i-unit-containerd.service.drv
  /nix/store/2y387ykch2jig7hs3xxdwhb34kb5gpgb-unit-script-kube-certmgr-bootstrap-start.drv
  /nix/store/xgksbn0p9s8b2rsllp5npjny34nmcrpl-unit-kube-certmgr-bootstrap.service.drv
  /nix/store/vpr1n1j14bmadafqwp4h4644kqz68mbc-kube-proxy-kubeconfig.drv
  /nix/store/z9kdwivz5zdachas76ss218vdw82h4bm-unit-kube-proxy.service.drv
  /nix/store/3rh3ja127saa80mdlihpmkxfqsqw2vch-system-units.drv
  /nix/store/mnis57z4g4kbgxvrpqfvadc96cg6b21i-unit-dbus-broker.service.drv
  /nix/store/74a3s0y6d5kyn20rbn6n2j7v8p8ff1an-user-units.drv
  /nix/store/rbr8srzg4hyl7l5ik6b94y9hir5mr7li-extra-hosts.drv
  /nix/store/vj2l7kmnvz4i3l9pa04ki4325xm9ag39-hosts.drv
  /nix/store/wn4r66m7r79ssq5n89rq5lq3hqg113cg-11-flannel.conf.drv
  /nix/store/w29958n3plgcw6j1i37h6g163k499npv-kubernetes-cni-config.drv
  /nix/store/2c6wxqqasv124v5kj091m1fr2bxbcdra-etc.drv
  /nix/store/scmhklzazrv8sark5vlnizfmj05df3i1-users-groups.json.drv
  /nix/store/nyfks59ycqxgk3ikdvbnpdl9alwvgimg-dry-activate.drv
  /nix/store/ri3mw67jpqdinahv2l9rgfkqnhagcg4n-activate.drv
  /nix/store/mal3d318595qq2fnw3zkmk4l8fibk92i-nixos-system-nixos-26.05.10620.f5c082a40f75.drv
these 24 paths will be fetched (318.4 MiB download, 890.2 MiB unpacked):
  /nix/store/yfjz523c5rhlasd2ca06dsgib9sr745m-certmgr-3.0.3
  /nix/store/zn4mmgfyskw7pw77kxy5h2j4fi1yb635-cfssl-1.6.5
  /nix/store/wnngrxmfjw8as91hc4bjzn163dcbncsr-cni-plugin-flannel-1.9.1-flannel1
  /nix/store/fgmk091c98ws8jpmacr67s03q91jv2qv-cni-plugins-1.9.0
  /nix/store/p85jk23p242ab7vn32z5z5xz7qzrvp95-conntrack-tools-1.4.8
  /nix/store/j0qqwki1wp8rgq2gll1qzr9r91sk3r5p-containerd-2.3.3
  /nix/store/nfbajlv8bkwiy00vv6k291s2nwvz0zh7-containerd-2.3.3-doc
  /nix/store/h1n10qlpvzbq6w7gp0i0c38snywz3ry0-containerd-2.3.3-man
  /nix/store/2hl9imrccydrj1adjphqlvf7q6yd2x5i-containerd-config-checked.toml
  /nix/store/v5w3z9x0aw0mhw4p6hn24f8mnplnk797-containerd.toml
  /nix/store/gvkw822r9jslqb67z3686wfvc3r64bby-docker-image-coredns.tar.gz
  /nix/store/6r57qkyp1dh12l3rv316c4dxy9rbk2x0-docker-image-pause.tar.gz
  /nix/store/d0inhnvphrgzxzbh9mzw0ja6hirj2fpx-etcdctl-3.6.14
  /nix/store/wwdx5519gj7pga4ih1spzbi1dnf1c9mb-etcdserver-3.6.14
  /nix/store/5dv3qy5qyi81fjnwzd2aqdr6xqx7n59v-etcdutl-3.6.14
  /nix/store/nj8qzg01zzml39pvq4cbr0vw3wmxk9j7-flannel-0.28.4
  /nix/store/9lg85n7461cd5x1x8d69f0mk3fpmfk60-git-minimal-2.54.0
  /nix/store/b5gip1vkhws3gnhr0hmn1z83xzb1hjjv-kubernetes-1.36.3
  /nix/store/vnp024vkccy1b52acyvibzd1xy67mf7f-kubernetes-1.36.3-man
  /nix/store/n9hf4qljdmwj0lfaj00c948zs2wcd8bx-kubernetes-addons
  /nix/store/79fdgjv8xv8x3parypmmnawn2aynk28n-libnetfilter_cthelper-1.0.1
  /nix/store/dzx0kcgnbbgk26xg6jamsbjmkjn87lxp-libnetfilter_cttimeout-1.0.1
  /nix/store/vvrwnzfnz1p73cv54qc5c101dcbcs4wx-libnetfilter_queue-1.0.5
  /nix/store/920n9l72q21xdkfdxyk2478phj9gww4x-runc-1.4.3
copying path '/nix/store/nfbajlv8bkwiy00vv6k291s2nwvz0zh7-containerd-2.3.3-doc' from 'https://cache.nixos.org'...
copying path '/nix/store/h1n10qlpvzbq6w7gp0i0c38snywz3ry0-containerd-2.3.3-man' from 'https://cache.nixos.org'...
copying path '/nix/store/vnp024vkccy1b52acyvibzd1xy67mf7f-kubernetes-1.36.3-man' from 'https://cache.nixos.org'...
copying path '/nix/store/n9hf4qljdmwj0lfaj00c948zs2wcd8bx-kubernetes-addons' from 'https://cache.nixos.org'...
copying path '/nix/store/j0qqwki1wp8rgq2gll1qzr9r91sk3r5p-containerd-2.3.3' from 'https://cache.nixos.org'...
copying path '/nix/store/b5gip1vkhws3gnhr0hmn1z83xzb1hjjv-kubernetes-1.36.3' from 'https://cache.nixos.org'...
copying path '/nix/store/d0inhnvphrgzxzbh9mzw0ja6hirj2fpx-etcdctl-3.6.14' from 'https://cache.nixos.org'...
copying path '/nix/store/wwdx5519gj7pga4ih1spzbi1dnf1c9mb-etcdserver-3.6.14' from 'https://cache.nixos.org'...
copying path '/nix/store/5dv3qy5qyi81fjnwzd2aqdr6xqx7n59v-etcdutl-3.6.14' from 'https://cache.nixos.org'...
copying path '/nix/store/v5w3z9x0aw0mhw4p6hn24f8mnplnk797-containerd.toml' from 'https://cache.nixos.org'...
building '/nix/store/l9smqwcqp6z58b2ffv293wp07krk0z8d-cluster-admin-kubeconfig.drv'...
building '/nix/store/szysfgnpb87h146k2g7rlw1y70piafsk-etc-sysctl.d-60-nixos.conf.drv'...
building '/nix/store/16j2frm1yikcfscpyy5hqb26sfbchag5-net-conf.json.drv'...
building '/nix/store/j8w47297pwfaf0vlxhw54q2cnxc3lq94-nixos-kubernetes-node-join.drv'...
copying path '/nix/store/yfjz523c5rhlasd2ca06dsgib9sr745m-certmgr-3.0.3' from 'https://cache.nixos.org'...
copying path '/nix/store/zn4mmgfyskw7pw77kxy5h2j4fi1yb635-cfssl-1.6.5' from 'https://cache.nixos.org'...
copying path '/nix/store/nj8qzg01zzml39pvq4cbr0vw3wmxk9j7-flannel-0.28.4' from 'https://cache.nixos.org'...
copying path '/nix/store/9lg85n7461cd5x1x8d69f0mk3fpmfk60-git-minimal-2.54.0' from 'https://cache.nixos.org'...
copying path '/nix/store/920n9l72q21xdkfdxyk2478phj9gww4x-runc-1.4.3' from 'https://cache.nixos.org'...
copying path '/nix/store/gvkw822r9jslqb67z3686wfvc3r64bby-docker-image-coredns.tar.gz' from 'https://cache.nixos.org'...
copying path '/nix/store/wnngrxmfjw8as91hc4bjzn163dcbncsr-cni-plugin-flannel-1.9.1-flannel1' from 'https://cache.nixos.org'...
copying path '/nix/store/fgmk091c98ws8jpmacr67s03q91jv2qv-cni-plugins-1.9.0' from 'https://cache.nixos.org'...
copying path '/nix/store/6r57qkyp1dh12l3rv316c4dxy9rbk2x0-docker-image-pause.tar.gz' from 'https://cache.nixos.org'...
building '/nix/store/dg85qzpqkv3zijvyynr490ki2kaqg50m-10-etcd.conf.drv'...
building '/nix/store/wn4r66m7r79ssq5n89rq5lq3hqg113cg-11-flannel.conf.drv'...
building '/nix/store/vgxyqzi6bhjn0v0xfbx7apv3valyvn5k-addon-manager-kubeconfig.drv'...
building '/nix/store/3qx1xa3i3dy00pv5ins4para31qk4ghp-X-Restart-Triggers-systemd-sysctl.drv'...
building '/nix/store/njc7gvq4ci54c16a3h86l9cxnyh9k4zi-addonManager.json.drv'...
building '/nix/store/07n9684j73i1rdkqzsxx5k56zmcqcama-apiServer.json.drv'...
copying path '/nix/store/2hl9imrccydrj1adjphqlvf7q6yd2x5i-containerd-config-checked.toml' from 'https://cache.nixos.org'...
building '/nix/store/rrsi0hhlz0ssxh5jv9rk1hidhdl923jp-apiserver-kubelet-api-admin-crb.json.drv'...
building '/nix/store/w112jj8fx5nan0mhm9qx9brd4zzbc29i-apiserverEtcdClient.json.drv'...
building '/nix/store/02fp59lv3qkxwx0a2fm7q45kn4rwm182-apiserverKubeletClient.json.drv'...
building '/nix/store/slkq3irih7bdirdhxpy74vich52k530g-apiserverProxyClient.json.drv'...
building '/nix/store/njirv2idxgbwgj0qwx0vxhwa851wqv92-cfssl-config.json.drv'...
copying path '/nix/store/79fdgjv8xv8x3parypmmnawn2aynk28n-libnetfilter_cthelper-1.0.1' from 'https://cache.nixos.org'...
building '/nix/store/393x7pj1c32mmax14vklyghzrb71ap64-clusterAdmin.json.drv'...
building '/nix/store/cwraa1ll1m4y1b0nkwscsyxsxi1r03bc-controllerManager.json.drv'...
building '/nix/store/phsaawhicvw0ys3m9gj7ybhzqi28vcw7-controllerManagerClient.json.drv'...
building '/nix/store/7bwc23zknp5iqcwka8xsy2mgh5f4x3na-coredns-cr.json.drv'...
building '/nix/store/bfag1wsz834a8cl9hv5wgis78fsypwkh-coredns-crb.json.drv'...
copying path '/nix/store/dzx0kcgnbbgk26xg6jamsbjmkjn87lxp-libnetfilter_cttimeout-1.0.1' from 'https://cache.nixos.org'...
building '/nix/store/2vf3dwjlji4vymhsfgrrs5qsmaskdr10-etcd.json.drv'...
building '/nix/store/rbr8srzg4hyl7l5ik6b94y9hir5mr7li-extra-hosts.drv'...
building '/nix/store/gaq49flhvrrijfasvdi025l7ak84b8z3-firewall-start.drv'...
building '/nix/store/g5ljq70348k3akgzxlji40bx9002yq8l-flannel-cr.json.drv'...
copying path '/nix/store/vvrwnzfnz1p73cv54qc5c101dcbcs4wx-libnetfilter_queue-1.0.5' from 'https://cache.nixos.org'...
building '/nix/store/7riwpnzl42bzl34fymp4krjifrsbz6xs-flannel-crb.json.drv'...
building '/nix/store/8plqd9q1s0z75ai5b4v67rpdyl0jkba8-flannel-kubeconfig.drv'...
building '/nix/store/n0mj6i43kz88g18ihl419ifflrjv7nrq-flannelClient.json.drv'...
building '/nix/store/k759inm91z9r4q8ga0ync266js3719ml-firewall-reload.drv'...
building '/nix/store/vj2l7kmnvz4i3l9pa04ki4325xm9ag39-hosts.drv'...
building '/nix/store/bg88404zs94c5a3rcvv9llcj2dxwsby8-kube-addon-manager-cluster-lister-cr.json.drv'...
building '/nix/store/vz0ng44mfzsqfajnkvjyic2ymli9fv17-kube-addon-manager-cluster-lister-crb.json.drv'...
building '/nix/store/xhsw967l9azrfa1aj6lsjmfhz327gcn6-kube-addon-manager-r.json.drv'...
building '/nix/store/q3s51x9l83c0jsri4l269sm2rmh5r941-kube-addon-manager-rb.json.drv'...
copying path '/nix/store/p85jk23p242ab7vn32z5z5xz7qzrvp95-conntrack-tools-1.4.8' from 'https://cache.nixos.org'...
building '/nix/store/ypw1nkiv81b1l6gih70j1028gkyjyb4y-kube-controller-manager-kubeconfig.drv'...
building '/nix/store/r4zhaq73jb5sngy36gvf4x11lk50knx3-kube-pki-cacert-csr.json.drv'...
building '/nix/store/hb1mk01hawqzihynqgxdbji5d8xny2yz-kube-pki-cfssl-csr.json.drv'...
building '/nix/store/vpr1n1j14bmadafqwp4h4644kqz68mbc-kube-proxy-kubeconfig.drv'...
building '/nix/store/nvpgzbdrhr205p78qndsr2nqflhvzgzw-kube-scheduler-kubeconfig.drv'...
building '/nix/store/pjshn655zmlr9p4w45kyqkwwhxkcvnif-kubeProxyClient.json.drv'...
building '/nix/store/cznwd6wbn60vmja59hbapyg5k96ijwl6-kubelet-config.drv'...
building '/nix/store/9szx3bcz2gn1ch0xhknjp56r61039rin-kubelet-kubeconfig.drv'...
building '/nix/store/bjfsgnai7pda9kjl6n24zywnd6n6bmbi-kubelet.json.drv'...
building '/nix/store/n0l3cmr3bj08gwdmghy4vj22k5xp55zf-kubeletClient.json.drv'...
building '/nix/store/w29958n3plgcw6j1i37h6g163k499npv-kubernetes-cni-config.drv'...
building '/nix/store/imq2d60s4139m024iclhnhfajd016jr9-nixos-tmpfiles.d.drv'...
structuredAttrs is enabled
building '/nix/store/08v3d5nh40bbvkyjrfsp0krfz1z1g9r2-nixos.conf.drv'...
building '/nix/store/jdjni23hvxdfx8mcnj26pc99p7zyj2pl-schedulerClient.json.drv'...
created 1 symlinks in user environment
building '/nix/store/kbac7l5wwmcznqwzh3385w8idqpcys24-serviceAccount.json.drv'...
building '/nix/store/rkkxv71ymm2117i3dxqzcc9byr0g3wmq-unit-firewall.service.drv'...
building '/nix/store/9fz14n87dvjqfjwvfyak8ngjdcfhd1qr-X-Restart-Triggers-systemd-modules-load.drv'...
building '/nix/store/1cabyjk21340a4h6ffcm4bq6q6i5w6y8-tmpfiles.d.drv'...
building '/nix/store/3j7lhjmgd46swjrsnpzhv0hx4vfx25k7-unit-kubernetes.target.drv'...
building '/nix/store/asc7biiicr4dfzm2g4h8vgfwsvya6wkr-certmgr.d.drv'...
building '/nix/store/rp1j5r0i98mvb5bl2a0ks474ig678km7-unit-systemd-sysctl.service.drv'...
building '/nix/store/p3cm94c1l902dhy6wz1ycvasaf8aj2f3-unit-systemd-modules-load.service.drv'...
building '/nix/store/scmhklzazrv8sark5vlnizfmj05df3i1-users-groups.json.drv'...
building '/nix/store/51rcvqfr8kh77bhb2ka2zl4c9sksfsj9-X-Restart-Triggers-systemd-tmpfiles-resetup.drv'...
building '/nix/store/rdnpr4303nad17xa4vxh82qh05v262xc-certmgr.yaml.drv'...
building '/nix/store/nyfks59ycqxgk3ikdvbnpdl9alwvgimg-dry-activate.drv'...
building '/nix/store/mkpd54ki75cjr8asxwhsak2812hy7ai0-unit-systemd-tmpfiles-resetup.service.drv'...
building '/nix/store/qr64zy8ba5hc5cwn0mssgwis5ds2q1hf-unit-script-certmgr-pre-start.drv'...
building '/nix/store/3nbrx0lxhq6km9a63rasvis58j3172bh-unit-certmgr.service.drv'...
building '/nix/store/nac8napgrqbvdw48hcgj39gq0kzni470-etcd-3.6.14.drv'...
building '/nix/store/h6wnnn8vlqyk603zc9n98h600xc0902l-unit-etcd.service.drv'...
building '/nix/store/ccp6ys5nppjdd975fw0j4f0l8dxk1yd5-unit-flannel.service.drv'...
building '/nix/store/vryhgb339klpfxnnngln0xmaflki180i-unit-containerd.service.drv'...
building '/nix/store/nppjpq0k4mfql32j9gppm9n2ygf33d1j-unit-script-cfssl-pre-start.drv'...
building '/nix/store/2y387ykch2jig7hs3xxdwhb34kb5gpgb-unit-script-kube-certmgr-bootstrap-start.drv'...
building '/nix/store/rqq7b2cxvjb4kjrgipgbj88bywmqwzq6-unit-cfssl.service.drv'...
building '/nix/store/xgksbn0p9s8b2rsllp5npjny34nmcrpl-unit-kube-certmgr-bootstrap.service.drv'...
building '/nix/store/ynm26d03as65am37zgdrqp0098bmxqq1-unit-script-kubelet-pre-start.drv'...
building '/nix/store/6g6aqripfqsh6z3xm2l0y3y9mj2pvpl7-system-path.drv'...
building '/nix/store/ih0j1ihyy8qa48cpky380ikszx96rj44-unit-kube-apiserver.service.drv'...
building '/nix/store/ckzrbqxni0dlmiir4jfwv7s68j35i632-unit-kube-controller-manager.service.drv'...
building '/nix/store/z9kdwivz5zdachas76ss218vdw82h4bm-unit-kube-proxy.service.drv'...
structuredAttrs is enabled
building '/nix/store/c9lmlan4ynb3a0m5z13qcs3n06flbqva-unit-kube-scheduler.service.drv'...
building '/nix/store/hzxykv4iikx5xvwpashg1vwyci9dqsjx-unit-kubelet.service.drv'...
building '/nix/store/jcny85yki9m2fw6s6k5yxr7dr4lhbs5d-unit-script-kube-addon-manager-pre-start.drv'...
building '/nix/store/knnjvzc9wa0pin1rz9w92d5nwk2q4lqv-unit-kube-addon-manager.service.drv'...
pkgs.buildEnv warning: colliding subpath (ignored): `/nix/store/vf2zbvmym90lbs1p0r5pq8igb47lqjz0-xwayland-24.1.13/lib/xorg/protocol.txt' and `/nix/store/d6pg920sdx6j6rw6p2973sq07fv8pg90-xorg-server-21.1.24/lib/xorg/protocol.txt'
pkgs.buildEnv warning: colliding subpath (ignored): `/nix/store/vf2zbvmym90lbs1p0r5pq8igb47lqjz0-xwayland-24.1.13/share/man/man1/Xserver.1.gz' and `/nix/store/d6pg920sdx6j6rw6p2973sq07fv8pg90-xorg-server-21.1.24/share/man/man1/Xserver.1.gz'
created 42174 symlinks in user environment
install-info: warning: no info dir entry in `/nix/store/xs589c92b9x30vhj5zmbk9ri2l6fn67j-system-path/share/info/gawknotes.info'
gtk-update-icon-cache: Cache file created successfully.
gtk-update-icon-cache: Cache file created successfully.
gtk-update-icon-cache: Cache file created successfully.
gtk-update-icon-cache: Cache file created successfully.
gtk-update-icon-cache: Cache file created successfully.
gtk-update-icon-cache: Cache file created successfully.
building '/nix/store/7plcr5hiyw2s5995lnfq9nyc0ha4nzzh-X-Restart-Triggers-polkit.drv'...
building '/nix/store/s8r5w7q5jnhvs39617jks0jdgz8pzf6r-dbus-1.drv'...
building '/nix/store/4xswsm0izbjrsn7ii54z99psggd4q0hs-unit-accounts-daemon.service.drv'...
building '/nix/store/zba3wjf6aj5yxkjknff08f7qfjplyfh8-X-Restart-Triggers-dbus-broker.drv'...
building '/nix/store/kv7r1qaf7zl21whl38frxv15rcc8jnim-unit-polkit.service.drv'...
building '/nix/store/f64i8s1n728zlzh0lwcc462y6wqd1ffr-unit-dbus-broker.service.drv'...
building '/nix/store/mnis57z4g4kbgxvrpqfvadc96cg6b21i-unit-dbus-broker.service.drv'...
building '/nix/store/3rh3ja127saa80mdlihpmkxfqsqw2vch-system-units.drv'...
building '/nix/store/74a3s0y6d5kyn20rbn6n2j7v8p8ff1an-user-units.drv'...
building '/nix/store/2c6wxqqasv124v5kj091m1fr2bxbcdra-etc.drv'...
building '/nix/store/ri3mw67jpqdinahv2l9rgfkqnhagcg4n-activate.drv'...
building '/nix/store/mal3d318595qq2fnw3zkmk4l8fibk92i-nixos-system-nixos-26.05.10620.f5c082a40f75.drv'...
structuredAttrs is enabled
Checking switch inhibitors... done
stopping the following units: accounts-daemon.service, systemd-modules-load.service, systemd-sysctl.service
activating the configuration...
setting up /etc...
reloading user units for alexmalder...
reloading the following user units: dbus-broker.service
restarting the following user units: nixos-activation.service
restarting sysinit-reactivation.target
reloading the following units: dbus-broker.service, firewall.service
restarting the following units: polkit.service
starting the following units: accounts-daemon.service, systemd-modules-load.service, systemd-sysctl.service
the following new units were started: certmgr.service, cfssl.service, containerd.service, kube-addon-manager.service, kubernetes.slice, kubernetes.target, NetworkManager-dispatcher.service, sysinit-reactivation.target, systemd-tmpfiles-resetup.service
warning: the following units failed: etcd.service, flannel.service, kube-apiserver.service, kube-certmgr-bootstrap.service, kube-controller-manager.service, kube-proxy.service, kube-scheduler.service, kubelet.service
● etcd.service - etcd key-value store
     Loaded: loaded (/etc/systemd/system/etcd.service; enabled; preset: ignored)
     Active: activating (auto-restart) (Result: exit-code) since Sun 2026-09-27 13:57:27 MSK; 8s ago
 Invocation: 95c8192e345840e880bff84b10341d69
       Docs: https://github.com/coreos/etcd
    Process: 9617 ExecStart=/nix/store/6r8czqw8iqlixvg4k25dwnhky7qx0s7z-etcd-3.6.14/bin/etcd (code=exited, status=1/FAILURE)
   Main PID: 9617 (code=exited, status=1/FAILURE)
         IP: 0B in, 0B out
         IO: 0B read, 0B written
   Mem peak: 5.7M
        CPU: 38ms

сен 27 13:57:27 nixos systemd[1]: etcd.service: Main process exited, code=exited, status=1/FAILURE
сен 27 13:57:27 nixos systemd[1]: etcd.service: Failed with result 'exit-code'.
сен 27 13:57:27 nixos systemd[1]: Failed to start etcd key-value store.

● flannel.service - Flannel Service
     Loaded: loaded (/etc/systemd/system/flannel.service; enabled; preset: ignored)
     Active: activating (auto-restart) (Result: exit-code) since Sun 2026-09-27 13:57:27 MSK; 8s ago
 Invocation: 037d06feb7564e2fa6e656f08f275eff
    Process: 9618 ExecStart=/nix/store/nj8qzg01zzml39pvq4cbr0vw3wmxk9j7-flannel-0.28.4/bin/flannel (code=exited, status=1/FAILURE)
   Main PID: 9618 (code=exited, status=1/FAILURE)
         IP: 0B in, 0B out
         IO: 0B read, 0B written
   Mem peak: 6.9M
        CPU: 36ms

сен 27 13:57:27 nixos systemd[1]: flannel.service: Main process exited, code=exited, status=1/FAILURE
сен 27 13:57:27 nixos systemd[1]: flannel.service: Failed with result 'exit-code'.

● kube-apiserver.service - Kubernetes APIServer Service
     Loaded: loaded (/etc/systemd/system/kube-apiserver.service; enabled; preset: ignored)
     Active: activating (auto-restart) (Result: exit-code) since Sun 2026-09-27 13:57:32 MSK; 3s ago
 Invocation: 2c083eb0422d45ccb0ab430f8967cece
    Process: 9907 ExecStart=/nix/store/b5gip1vkhws3gnhr0hmn1z83xzb1hjjv-kubernetes-1.36.3/bin/kube-apiserver --allow-privileged=false --authorization-mode=RBAC,Node --bind-address=0.0.0.0 --advertise-address=192.168.0.90 --client-ca-file=/var/lib/kubernetes/secrets/ca.pem --disable-admission-plugins= --enable-admission-plugins=NamespaceLifecycle,LimitRanger,ServiceAccount,ResourceQuota,DefaultStorageClass,DefaultTolerationSeconds,NodeRestriction --etcd-servers=https://etcd.local:2379 --etcd-cafile=/var/lib/kubernetes/secrets/ca.pem --etcd-certfile=/var/lib/kubernetes/secrets/kube-apiserver-etcd-client.pem --etcd-keyfile=/var/lib/kubernetes/secrets/kube-apiserver-etcd-client-key.pem --kubelet-certificate-authority=/var/lib/kubernetes/secrets/ca.pem --kubelet-client-certificate=/var/lib/kubernetes/secrets/kube-apiserver-kubelet-client.pem --kubelet-client-key=/var/lib/kubernetes/secrets/kube-apiserver-kubelet-client-key.pem --proxy-client-cert-file=/var/lib/kubernetes/secrets/kube-apiserver-proxy-client.pem --proxy-client-key-file=/var/lib/kubernetes/secrets/kube-apiserver-proxy-client-key.pem --runtime-config=authentication.k8s.io/v1beta1=true --secure-port=6443 --api-audiences=api,https://kubernetes.default.svc --service-account-issuer=https://kubernetes.default.svc --service-account-signing-key-file=/var/lib/kubernetes/secrets/service-account-key.pem --service-account-key-file=/var/lib/kubernetes/secrets/service-account.pem --service-cluster-ip-range=10.0.0.0/24 --storage-backend=etcd3 --tls-cert-file=/var/lib/kubernetes/secrets/kube-apiserver.pem --tls-private-key-file=/var/lib/kubernetes/secrets/kube-apiserver-key.pem (code=exited, status=1/FAILURE)
   Main PID: 9907 (code=exited, status=1/FAILURE)
         IP: 0B in, 0B out
         IO: 0B read, 0B written
   Mem peak: 12.1M
        CPU: 94ms

● kube-certmgr-bootstrap.service - Kubernetes certmgr bootstrapper
     Loaded: loaded (/etc/systemd/system/kube-certmgr-bootstrap.service; enabled; preset: ignored)
     Active: activating (auto-restart) (Result: exit-code) since Sun 2026-09-27 13:57:27 MSK; 8s ago
 Invocation: b564469747f84fdca73953ce450cfd05
    Process: 9622 ExecStart=/nix/store/i0c85dagdk81c7j7m8xk4zjda9m7ay9x-unit-script-kube-certmgr-bootstrap-start/bin/kube-certmgr-bootstrap-start (code=exited, status=1/FAILURE)
   Main PID: 9622 (code=exited, status=1/FAILURE)
         IP: 40B in, 60B out
         IO: 384K read, 0B written
   Mem peak: 6.4M
        CPU: 44ms

сен 27 13:57:27 nixos systemd[1]: kube-certmgr-bootstrap.service: Main process exited, code=exited, status=1/FAILURE
сен 27 13:57:27 nixos systemd[1]: kube-certmgr-bootstrap.service: Failed with result 'exit-code'.
сен 27 13:57:27 nixos systemd[1]: kube-certmgr-bootstrap.service: Consumed 44ms CPU time over 412ms wall clock time, 6.4M memory peak, 384K read from disk, 40B incoming IP traffic, 60B outgoing IP traffic.

● kube-controller-manager.service - Kubernetes Controller Manager Service
     Loaded: loaded (/etc/systemd/system/kube-controller-manager.service; enabled; preset: ignored)
     Active: activating (auto-restart) (Result: exit-code) since Sun 2026-09-27 13:57:28 MSK; 8s ago
 Invocation: 55d5cca53b764f0795b9154311ef2f70
    Process: 9624 ExecStart=/nix/store/b5gip1vkhws3gnhr0hmn1z83xzb1hjjv-kubernetes-1.36.3/bin/kube-controller-manager --allocate-node-cidrs=true --bind-address=127.0.0.1 --cluster-cidr=10.1.0.0/16 --kubeconfig=/nix/store/jm85d6cy5cznyb0nxya2zqf3cjv8sxqm-kube-controller-manager-kubeconfig --leader-elect=true --root-ca-file=/var/lib/kubernetes/secrets/ca.pem --secure-port=10252 --service-account-private-key-file=/var/lib/kubernetes/secrets/service-account-key.pem --use-service-account-credentials (code=exited, status=1/FAILURE)
   Main PID: 9624 (code=exited, status=1/FAILURE)
         IP: 0B in, 0B out
         IO: 0B read, 0B written
   Mem peak: 15M
        CPU: 520ms

● kube-proxy.service - Kubernetes Proxy Service
     Loaded: loaded (/etc/systemd/system/kube-proxy.service; enabled; preset: ignored)
     Active: activating (auto-restart) (Result: exit-code) since Sun 2026-09-27 13:57:32 MSK; 3s ago
 Invocation: dc26ef683c56421a8bc27be41003424e
    Process: 9906 ExecStart=/nix/store/b5gip1vkhws3gnhr0hmn1z83xzb1hjjv-kubernetes-1.36.3/bin/kube-proxy --bind-address=0.0.0.0 --cluster-cidr=10.1.0.0/16 --hostname-override=nixos --kubeconfig=/nix/store/y2d44yxz360irw14mzj2lwl0hibm3vrw-kube-proxy-kubeconfig (code=exited, status=1/FAILURE)
   Main PID: 9906 (code=exited, status=1/FAILURE)
         IP: 0B in, 0B out
         IO: 0B read, 0B written
   Mem peak: 11.5M
        CPU: 75ms

● kube-scheduler.service - Kubernetes Scheduler Service
     Loaded: loaded (/etc/systemd/system/kube-scheduler.service; enabled; preset: ignored)
     Active: activating (auto-restart) (Result: exit-code) since Sun 2026-09-27 13:57:33 MSK; 2s ago
 Invocation: 1d76b574ee7c46a8bedd81a47a4dd0be
    Process: 9923 ExecStart=/nix/store/b5gip1vkhws3gnhr0hmn1z83xzb1hjjv-kubernetes-1.36.3/bin/kube-scheduler --bind-address=127.0.0.1 --kubeconfig=/nix/store/pxilmrpvf9nc6sgi1dvqk5ad7vaa15x3-kube-scheduler-kubeconfig --leader-elect=true --secure-port=10251 (code=exited, status=1/FAILURE)
   Main PID: 9923 (code=exited, status=1/FAILURE)
         IP: 0B in, 0B out
         IO: 0B read, 0B written
   Mem peak: 11M
        CPU: 327ms

● kubelet.service - Kubernetes Kubelet Service
     Loaded: loaded (/etc/systemd/system/kubelet.service; enabled; preset: ignored)
     Active: activating (auto-restart) (Result: exit-code) since Sun 2026-09-27 13:57:35 MSK; 296ms ago
 Invocation: fc23f88a15a944a09c59d0cc8e80aacb
    Process: 9868 ExecStartPre=/nix/store/77yac18rym97wv6hbk6f93jqbvr70nrg-unit-script-kubelet-pre-start/bin/kubelet-pre-start (code=exited, status=0/SUCCESS)
    Process: 9936 ExecStart=/nix/store/b5gip1vkhws3gnhr0hmn1z83xzb1hjjv-kubernetes-1.36.3/bin/kubelet --config=/nix/store/rk10csmr8084il7s7yyafm3jib3kw11s-kubelet-config --hostname-override=nixos --kubeconfig=/nix/store/lvymqjygqc0dvrrwlmsf52c6xcdyxbyn-kubelet-kubeconfig --root-dir=/var/lib/kubernetes --fail-swap-on=false (code=exited, status=1/FAILURE)
   Main PID: 9936 (code=exited, status=1/FAILURE)
         IP: 0B in, 0B out
         IO: 40K read, 0B written
   Mem peak: 23.1M
        CPU: 2.944s
Command 'systemd-run -E LOCALE_ARCHIVE -E NIXOS_INSTALL_BOOTLOADER -E NIXOS_NO_CHECK --collect --no-ask-password --pipe --quiet --service-type=exec --unit=nixos-rebuild-switch-to-configuration /nix/store/1p2n7j12z39a4vnhrynsdrnpdc46q3f0-nixos-system-nixos-26.05.10620.f5c082a40f75/bin/switch-to-configuration switch' returned non-zero exit status 4.
